---
source: tui/src/chatwidget/tests/status_and_layout.rs
assertion_line: 4182
expression: normalized_backend_snapshot(terminal.backend())
---
"                                                                                "
"                                                                                "
"› Ask Codex to do anything                                                      "
"                                                                                "
"  GPT-5.2 medium                                Plan mode (shift+tab to cycle)  "
